An NVIDIA GPU may be present on this machine, but a CUDA-enabled jaxlib is not installed. Falling back to cpu.
=== versions ===
netket 3.21.0
jax 0.10.1
jax default backend: cpu

--- nk.graph.Graph ---
nk.graph.Graph (edges: collections.abc.Sequence[tuple[int, int]] | collections.abc.Sequence[tuple[int, int, int]], n_nodes: int | None = None)

--- nk.hilbert.Spin ---
nk.hilbert.Spin (s: float, N: int = 1, *, total_sz: float | None = None, constraint: netket.hilbert.constraint.base.DiscreteHilbertConstraint | None = None, inverted_ordering: bool = False)

--- nk.operator.Heisenberg ---
has Heisenberg: True

--- nk.operator.Heisenberg ---
nk.operator.Heisenberg (hilbert: netket.hilbert.abstract_hilbert.AbstractHilbert, graph: netket.graph.abstract_graph.AbstractGraph, J: float | collections.abc.Sequence[float] = 1.0, sign_rule: None | bool | collections.abc.Sequence[bool] = None, dtype: Union[NoneType, str, type[Any], numpy.dtype, netket.utils.types._SupportsDType] = None, *, acting_on_subspace: None | list[int] | int = None, cls: type[~_LocalOperatorT] = <class 'netket.operator._local_operator.jax.LocalOperatorJax'>) -> ~_LocalOperatorT
Constructs an Heisenberg operator given a hilbert space and a graph providing the
connectivity of the lattice.

Args:
    hilbert: Hilbert space the operator acts on.
    graph: The graph upon which this hamiltonian is defined.
    J: The strength of the coupling. Default is 1.
       Can pass a sequence of coupling strengths with coloured graphs:
       edges of colour n will have coupling strength J[n]
    sign_rule: If True, Marshal's sign rule will be used. On a bipartite
        lattice, this corresponds to a basis change flipping the Sz direction
        at every odd site of the lattice. For non-bipartite lattices, the
        sign rule cannot be applied. Defaults to True if the lattice is
        bipartite, False otherwise.
        If a sequence of coupling strengths is passed, defaults to False
        and a matching sequence of sign_rule must be specified to override it
    dtype: Data type of the matrix elements.
    acting_on_subspace: Specifies the mapping between nodes of the graph and
        Hilbert space sites, so that graph node :code:`i ∈ [0, ..., graph.n_nodes - 1]`,
        corresponds to :code:`acting_on_subspace[i] ∈ [0, ..., hilbert.n_sites]`.
        Must be a list of length `graph.n_nodes`. Passing a single integer :code:`start`
        is equivalent to :code:`[start, ..., start + graph.n_nodes - 1]`.

Examples:
 Constructs a ``Heisenberg`` operator for a 1D system.

    >>> import netket as nk
    >>> g = nk.graph.Hypercube(length=20, n_dim=1, pbc=True)
    >>> hi = nk.hilbert.Spin(s=0.5, total_sz=0, N=g.n_nodes)
    >>> op = nk.operator.Heisenberg(hilbert=hi, graph=g)
    >>> print(op)
    LocalOperatorJax(dim=20, #acting_on=20 locations, constant=0.0, dtype=float64)

--- nk.exact.lanczos_ed ---
nk.exact.lanczos_ed (operator: netket.operator._abstract_operator.AbstractOperator, *, k: int = 1, compute_eigenvectors: bool = False, matrix_free: bool = False, scipy_args: dict | None = None)

--- nk.models.RBM ---
nk.models.RBM (param_dtype: Any = <class 'numpy.float64'>, activation: Any = <function log_cosh at 0x7f6598f480e0>, alpha: float | int = 1, use_hidden_bias: bool = True, use_visible_bias: bool = True, precision: Any = None, kernel_init: collections.abc.Callable[[typing.Any, collections.abc.Sequence[int], typing.Union[NoneType, str, type[typing.Any], numpy.dtype, netket.utils.types._SupportsDType]], jax.jaxlib._jax.Array] = <function normal.<locals>.init at 0x7f6598d149a0>, hidden_bias_init: collections.abc.Callable[[typing.Any, collections.abc.Sequence[int], typing.Union[NoneType, str, type[typing.Any], numpy.dtype, netket.utils.types._SupportsDType]], jax.jaxlib._jax.Array] = <function normal.<locals>.init at 0x7f6598d149a0>, visible_bias_init: collections.abc.Callable[[typing.Any, collections.abc.Sequence[int], typing.Union[NoneType, str, type[typing.Any], numpy.dtype, netket.utils.types._SupportsDType]], jax.jaxlib._jax.Array] = <function normal.<locals>.init at 0x7f6598d149a0>, parent: Union[flax.linen.module.Module, flax.core.scope.Scope, flax.linen.module._Sentinel, NoneType] = <flax.linen.module._Sentinel object at 0x7f65c2629590>, name: Optional[str] = None) -> None

--- nk.sampler.MetropolisExchange ---
nk.sampler.MetropolisExchange (hilbert, *, clusters=None, graph=None, d_max=1, **kwargs) -> netket.sampler.metropolis.MetropolisSampler

--- nk.vqs.MCState ---
nk.vqs.MCState (sampler: netket.sampler.base.Sampler, model=None, *, n_samples: int | None = None, n_samples_per_rank: int | None = None, n_discard_per_chain: int | None = None, chunk_size: int | None = None, variables: typing.Any | None = None, init_fun: collections.abc.Callable[[typing.Any, collections.abc.Sequence[int], typing.Union[NoneType, str, type[typing.Any], numpy.dtype, netket.utils.types._SupportsDType]], jax.jaxlib._jax.Array] | None = None, apply_fun: collections.abc.Callable | None = None, seed: Union[int, Any, NoneType] = None, sampler_seed: Union[int, Any, NoneType] = None, mutable: Union[bool, str, Collection[str], ForwardRef('DenyList')] = False, training_kwargs: dict = {})

--- SR / drivers ---
nk.optimizer.SR: True
nk.optimizer.Sgd: True
nk.VMC: True
nk.driver.VMC: True
nk.driver.VMC_SR: True

--- nk.optimizer.SR ---
nk.optimizer.SR (*args: Any, **kwargs: Any) -> ~P

--- nk.VMC ---
nk.VMC (hamiltonian: netket.operator._abstract_operator.AbstractOperator, optimizer: Any, *, variational_state: netket.vqs.base.VariationalState, preconditioner: collections.abc.Callable[[netket.vqs.base.VariationalState, typing.Any, typing.Any | None], typing.Any] = <netket.optimizer.preconditioner.IdentityPreconditioner object at 0x7f6598e67d10>)

--- nk.driver.VMC_SR ---
nk.driver.VMC_SR (hamiltonian: netket.operator._abstract_operator.AbstractOperator, optimizer: Any, *, diag_shift: Union[Any, collections.abc.Callable[[Union[jax.jaxlib._jax.Array, numpy.ndarray, numpy.bool, numpy.number, bool, int, float, complex]], Union[jax.jaxlib._jax.Array, numpy.ndarray, numpy.bool, numpy.number, bool, int, float, complex]]], proj_reg: Union[Any, collections.abc.Callable[[Union[jax.jaxlib._jax.Array, numpy.ndarray, numpy.bool, numpy.number, bool, int, float, complex]], Union[jax.jaxlib._jax.Array, numpy.ndarray, numpy.bool, numpy.number, bool, int, float, complex]], NoneType] = None, momentum: Union[Any, collections.abc.Callable[[Union[jax.jaxlib._jax.Array, numpy.ndarray, numpy.bool, numpy.number, bool, int, float, complex]], Union[jax.jaxlib._jax.Array, numpy.ndarray, numpy.bool, numpy.number, bool, int, float, complex]], NoneType] = None, linear_solver: collections.abc.Callable[[typing.Union[numpy.ndarray, jax.jaxlib._jax.Array], typing.Union[numpy.ndarray, jax.jaxlib._jax.Array]], typing.Union[numpy.ndarray, jax.jaxlib._jax.Array]] = <function cholesky at 0x7f6598e32340>, linear_solver_fn: collections.abc.Callable[[typing.Union[numpy.ndarray, jax.jaxlib._jax.Array], typing.Union[numpy.ndarray, jax.jaxlib._jax.Array]], typing.Union[numpy.ndarray, jax.jaxlib._jax.Array]] | netket.utils.deprecation.DeprecatedArg = Deprecated, variational_state: netket.vqs.mc.mc_state.state.MCState, chunk_size_bwd: int | None = None, mode: netket.jax._jacobian.default_mode.JacobianMode | None = None, use_ntk: bool | None = None, on_the_fly: bool | None = None)

--- QGT access ---
MCState.quantum_geometric_tensor: True

--- MCState.quantum_geometric_tensor ---
MCState.quantum_geometric_tensor (self, qgt_T: collections.abc.Callable[['VariationalState'], 'LinearOperator'] | None = None) -> netket.optimizer.linear_operator.LinearOperator

=== introspection done ===
