[heartbeat 09:19:51] 3, 3421, 95, 54
[heartbeat 09:21:21] 3, 3421, 98, 54
[heartbeat 09:22:51] 3, 3421, 98, 54
[heartbeat 09:24:21] 3, 15044, 43, 57
[heartbeat 09:25:51] 3, 15044, 57, 63
[heartbeat 09:27:21] 3, 15044, 51, 66
[heartbeat 09:28:51] 3, 15046, 64, 67
[heartbeat 09:30:22] 3, 15046, 55, 68
[heartbeat 09:31:52] 3, 20324, 100, 73
[heartbeat 09:33:22] 3, 20324, 96, 72
[heartbeat 09:34:52] 3, 20324, 99, 71
[heartbeat 09:36:22] 3, 20324, 99, 71
[heartbeat 09:37:53] 3, 20324, 99, 71
[heartbeat 09:39:23] 3, 20324, 96, 71
[heartbeat 09:40:53] 3, 20324, 20, 69
[heartbeat 09:42:23] 3, 20324, 100, 71
[heartbeat 09:43:53] 3, 20324, 100, 71
[heartbeat 09:45:23] 3, 20324, 100, 71
[heartbeat 09:46:54] 3, 20324, 99, 71
[heartbeat 09:48:24] 3, 20324, 96, 71
[heartbeat 09:49:54] 3, 20324, 100, 71
[heartbeat 09:51:24] 3, 20324, 100, 71
[heartbeat 09:52:54] 3, 20324, 99, 71
[heartbeat 09:54:24] 3, 20324, 99, 71
[heartbeat 09:55:54] 3, 20324, 100, 72
[heartbeat 09:57:25] 3, 20324, 100, 71
[heartbeat 09:58:55] 3, 20324, 100, 71
[heartbeat 10:00:25] 3, 20324, 100, 71
[heartbeat 10:01:55] 3, 20324, 100, 71
[heartbeat 10:03:25] 3, 20324, 99, 71
[heartbeat 10:04:55] 3, 20324, 93, 71
[heartbeat 10:06:26] 3, 20324, 93, 72
[heartbeat 10:07:56] 3, 20324, 93, 71
[heartbeat 10:09:26] 3, 20324, 82, 71
[heartbeat 10:10:56] 3, 20324, 95, 71
[heartbeat 10:12:26] 3, 20324, 95, 71
[heartbeat 10:13:56] 3, 20326, 98, 71
[heartbeat 10:15:27] 3, 20326, 96, 71
[heartbeat 10:16:57] 3, 20326, 95, 70
[heartbeat 10:18:27] 3, 20326, 94, 71
[heartbeat 10:19:57] 3, 20326, 95, 71
[heartbeat 10:21:27] 3, 20326, 83, 71
[heartbeat 10:22:57] 3, 20326, 92, 71
[heartbeat 10:24:28] 3, 20326, 92, 71
[heartbeat 10:25:58] 3, 20326, 92, 71
[heartbeat 10:27:28] 3, 20326, 79, 71
[heartbeat 10:28:58] 3, 20326, 95, 71
[heartbeat 10:30:28] 3, 20326, 93, 71
[heartbeat 10:31:58] 3, 3423, 59, 67
[heartbeat 10:33:28] 3, 3423, 84, 57
[heartbeat 10:34:59] 3, 3423, 15, 54
[heartbeat 10:36:29] 3, 3415, 86, 54
[heartbeat 10:37:59] 3, 3415, 85, 54
[heartbeat 10:39:29] 3, 3415, 91, 54
[heartbeat 10:40:59] 3, 3415, 93, 54
[heartbeat 10:42:29] 3, 3415, 67, 53
[heartbeat 10:43:59] 3, 3415, 68, 53
[heartbeat 10:45:29] 3, 3415, 93, 53
[heartbeat 10:47:00] 3, 3415, 60, 53
[heartbeat 10:48:30] 3, 3415, 87, 53
[heartbeat 10:50:00] 3, 3415, 77, 53
[heartbeat 10:51:30] 3, 3415, 82, 53
[heartbeat 10:53:00] 3, 3415, 77, 53
[heartbeat 10:54:30] 3, 3415, 95, 53
[heartbeat 10:56:00] 3, 3415, 45, 53
[heartbeat 10:57:30] 3, 3415, 43, 52
[heartbeat 10:59:01] 3, 3415, 75, 53
[heartbeat 11:00:31] 3, 3415, 99, 53
[heartbeat 11:02:01] 3, 3415, 81, 54
[heartbeat 11:03:31] 3, 3415, 98, 54
[heartbeat 11:05:01] 3, 3415, 81, 54
[heartbeat 11:06:31] 3, 3415, 99, 54
[heartbeat 11:08:01] 3, 3415, 79, 54
[heartbeat 11:09:31] 3, 3415, 79, 54
[heartbeat 11:11:02] 3, 3415, 95, 54
[heartbeat 11:12:32] 3, 3415, 99, 54
[heartbeat 11:14:02] 3, 3415, 81, 54
[heartbeat 11:15:32] 3, 3415, 87, 54
[heartbeat 11:17:02] 3, 3415, 91, 54
[heartbeat 11:18:32] 3, 3415, 67, 54
[heartbeat 11:20:02] 3, 3415, 99, 54
[heartbeat 11:21:32] 3, 3415, 99, 54
[heartbeat 11:23:02] 3, 3415, 99, 54
[heartbeat 11:24:33] 3, 3415, 99, 54
[heartbeat 11:26:03] 3, 3415, 94, 54
[heartbeat 11:27:33] 3, 3415, 99, 54
[heartbeat 11:29:03] 3, 3415, 97, 54
[heartbeat 11:30:33] 3, 3415, 89, 54
[heartbeat 11:32:03] 3, 3415, 86, 54
[heartbeat 11:33:33] 3, 3415, 80, 54
[heartbeat 11:35:03] 3, 3415, 90, 54
[heartbeat 11:36:33] 3, 3415, 99, 54
[heartbeat 11:38:04] 3, 3415, 95, 54
[heartbeat 11:39:34] 3, 3415, 99, 54
[heartbeat 11:41:04] 3, 3415, 99, 54
[heartbeat 11:42:34] 3, 3415, 99, 54
[heartbeat 11:44:04] 3, 3415, 99, 54
[heartbeat 11:45:34] 3, 3415, 99, 54
[heartbeat 11:47:04] 3, 3415, 99, 54
[heartbeat 11:48:34] 3, 3415, 99, 54
[heartbeat 11:50:04] 3, 3415, 99, 54
[heartbeat 11:51:34] 3, 3415, 74, 54
[heartbeat 11:53:04] 3, 3415, 99, 54
[heartbeat 11:54:34] 3, 3415, 99, 54
[heartbeat 11:56:05] 3, 3415, 99, 54
[heartbeat 11:57:35] 3, 3415, 99, 54
[heartbeat 11:59:05] 3, 3415, 93, 54
[heartbeat 12:00:35] 3, 3415, 99, 54
[heartbeat 12:02:05] 3, 3415, 74, 54
[heartbeat 12:03:35] 3, 3415, 82, 54
[heartbeat 12:05:05] 3, 3415, 99, 54
[heartbeat 12:06:35] 3, 3415, 99, 54
[heartbeat 12:08:05] 3, 3415, 99, 54
[heartbeat 12:09:35] 3, 3415, 99, 54
[heartbeat 12:11:05] 3, 3415, 87, 54
[heartbeat 12:12:35] 3, 3415, 99, 54
[heartbeat 12:14:06] 3, 3415, 99, 54
[heartbeat 12:15:36] 3, 3415, 99, 54
[heartbeat 12:17:06] 3, 3415, 99, 54
[heartbeat 12:18:36] 3, 3415, 99, 54
[heartbeat 12:20:06] 3, 3415, 99, 54
[heartbeat 12:21:36] 3, 3415, 47, 53
[heartbeat 12:23:06] 3, 3415, 56, 52
[heartbeat 12:24:36] 3, 3415, 61, 52
[heartbeat 12:26:06] 3, 3415, 40, 52
[heartbeat 12:27:37] 3, 3415, 86, 52
[heartbeat 12:29:07] 3, 3415, 96, 53
[heartbeat 12:30:37] 3, 3415, 98, 52
[heartbeat 12:32:07] 3, 3415, 96, 53
[heartbeat 12:33:37] 3, 3415, 99, 53
[heartbeat 12:35:07] 3, 3415, 38, 52
[heartbeat 12:36:37] 3, 3415, 76, 52
[heartbeat 12:38:07] 3, 3415, 46, 52
[heartbeat 12:39:38] 3, 3415, 88, 52
[heartbeat 12:41:08] 3, 3415, 81, 53
[heartbeat 12:42:38] 3, 3415, 98, 52
[heartbeat 12:44:08] 3, 3415, 38, 52
[heartbeat 12:45:38] 3, 3415, 38, 51
[heartbeat 12:47:08] 3, 3415, 31, 51
[heartbeat 12:48:38] 3, 3415, 77, 52
[heartbeat 12:50:09] 3, 3415, 81, 52
[heartbeat 12:51:39] 3, 3415, 88, 52
[heartbeat 12:53:09] 3, 3415, 78, 52
[heartbeat 12:54:39] 3, 3415, 90, 53
[heartbeat 12:56:09] 3, 3415, 93, 53
[heartbeat 12:57:39] 3, 3415, 76, 53
[heartbeat 12:59:09] 3, 15038, 36, 57
[heartbeat 13:00:39] 3, 15038, 55, 63
[heartbeat 13:02:10] 3, 15038, 45, 65
[heartbeat 13:03:40] 3, 15040, 54, 67
[heartbeat 13:05:10] 3, 15040, 52, 68
[heartbeat 13:06:40] 3, 20324, 99, 72
[heartbeat 13:08:11] 3, 20324, 100, 70
[heartbeat 13:09:41] 3, 20324, 97, 71
[heartbeat 13:11:11] 3, 20324, 100, 71
[heartbeat 13:12:41] 3, 20324, 85, 71
[heartbeat 13:14:11] 3, 20324, 98, 71
[heartbeat 13:15:41] 3, 20324, 98, 71
[heartbeat 13:17:12] 3, 20324, 100, 71
[heartbeat 13:18:42] 3, 20324, 99, 71
[heartbeat 13:20:12] 3, 20324, 91, 71
[heartbeat 13:21:42] 3, 20324, 100, 72
[heartbeat 13:23:12] 3, 20324, 100, 71
[heartbeat 13:24:43] 3, 20324, 100, 71
[heartbeat 13:26:13] 3, 20324, 90, 71
[heartbeat 13:27:43] 3, 20324, 95, 72
[heartbeat 13:29:13] 3, 20324, 98, 71
[heartbeat 13:30:43] 3, 20324, 100, 71
[heartbeat 13:32:14] 3, 20324, 100, 71
[heartbeat 13:33:44] 3, 20324, 89, 71
[heartbeat 13:35:14] 3, 20324, 99, 71
[heartbeat 13:36:44] 3, 20324, 100, 71
[heartbeat 13:38:14] 3, 20324, 100, 72
[heartbeat 13:39:44] 3, 22064, 95, 71
[heartbeat 13:41:15] 3, 22064, 98, 71
[heartbeat 13:42:45] 3, 22064, 99, 71
[heartbeat 13:44:15] 3, 22064, 68, 70
[heartbeat 13:45:45] 3, 22064, 74, 71
[heartbeat 13:47:16] 3, 22064, 54, 70
[heartbeat 13:48:46] 3, 22064, 96, 71
[heartbeat 13:50:16] 3, 22064, 96, 71
[heartbeat 13:51:46] 3, 22064, 97, 71
[heartbeat 13:53:16] 3, 22064, 81, 71
[heartbeat 13:54:47] 3, 22064, 73, 71
[heartbeat 13:56:17] 3, 22064, 98, 71
[heartbeat 13:57:47] 3, 22064, 8, 67
[heartbeat 13:59:17] 3, 22064, 19, 57
[heartbeat 14:00:47] 3, 22064, 32, 54
[heartbeat 14:02:17] 3, 22064, 15, 53
[heartbeat 14:03:48] 3, 22064, 25, 52
[heartbeat 14:05:18] 3, 22064, 75, 67
[heartbeat 14:06:48] 3, 22064, 99, 70
[heartbeat 14:08:18] 3, 22064, 100, 72
[heartbeat 14:09:48] 3, 22064, 93, 70
[heartbeat 14:11:18] 3, 22064, 100, 71
[heartbeat 14:12:49] 3, 22064, 100, 71
[heartbeat 14:14:19] 3, 22064, 100, 71
[heartbeat 14:15:49] 3, 22064, 100, 71
[heartbeat 14:17:19] 3, 22064, 92, 71
[heartbeat 14:18:49] 3, 22064, 98, 71
[heartbeat 14:20:19] 3, 22064, 93, 71
[heartbeat 14:21:50] 3, 22064, 97, 71
[heartbeat 14:23:20] 3, 22064, 100, 71
[heartbeat 14:24:50] 3, 22064, 100, 71
[heartbeat 14:26:20] 3, 22064, 100, 71
[heartbeat 14:27:50] 3, 22064, 99, 71
[heartbeat 14:29:20] 3, 22064, 69, 71
[heartbeat 14:30:51] 3, 22064, 73, 71
[heartbeat 14:32:21] 3, 22064, 96, 71
[heartbeat 14:33:51] 3, 22064, 100, 71
[heartbeat 14:35:21] 3, 22064, 100, 71
[heartbeat 14:36:51] 3, 22064, 98, 71
[heartbeat 14:38:21] 3, 22064, 93, 71
[heartbeat 14:39:51] 3, 22064, 100, 71
[heartbeat 14:41:22] 3, 22064, 100, 71
[heartbeat 14:42:52] 3, 22064, 100, 71
[heartbeat 14:44:22] 3, 22064, 100, 71
[heartbeat 14:45:52] 3, 22064, 98, 71
[heartbeat 14:47:22] 3, 22064, 100, 71
[heartbeat 14:48:52] 3, 22064, 97, 71
[heartbeat 14:50:23] 3, 22064, 100, 71
[heartbeat 14:51:53] 3, 22064, 90, 71
[heartbeat 14:53:23] 3, 22064, 100, 71
[heartbeat 14:54:53] 3, 22064, 99, 71
[heartbeat 14:56:23] 3, 22064, 99, 71
[heartbeat 14:57:53] 3, 22064, 24, 62
[heartbeat 14:59:24] 3, 22064, 37, 55
[heartbeat 15:00:54] 3, 22064, 28, 53
[heartbeat 15:02:24] 3, 22064, 99, 65
[heartbeat 15:03:54] 3, 22064, 100, 70
[heartbeat 15:05:24] 3, 22064, 100, 72
[heartbeat 15:06:54] 3, 22064, 100, 71
[heartbeat 15:08:25] 3, 22064, 100, 71
[heartbeat 15:09:55] 3, 22064, 100, 71
[heartbeat 15:11:25] 3, 22064, 95, 71
[heartbeat 15:12:55] 3, 22064, 68, 71
[heartbeat 15:14:25] 3, 22064, 99, 71
[heartbeat 15:15:55] 3, 22064, 90, 71
[heartbeat 15:17:26] 3, 22064, 100, 71
[heartbeat 15:18:56] 3, 22064, 100, 71
[heartbeat 15:20:26] 3, 22064, 100, 71
[heartbeat 15:21:56] 3, 22064, 95, 71
[heartbeat 15:23:26] 3, 22064, 100, 71
[heartbeat 15:24:56] 3, 22064, 96, 71
[heartbeat 15:26:27] 3, 22064, 99, 71
[heartbeat 15:27:57] 3, 22064, 98, 71
