Using device: cuda:2 (set TCBM_DEVICE env var to override)
Problem: 4x4 J1-J2 PBC, J2/J1=0.5, D_params=1120 (RBM α=2 real params)

Config: M=12, n_steps=3000, k=20
  n_vmc_samples_final=2 (Day 3 reduced from 4)
  subspace_warmup=150, freq=80
  expected ~35 SVD updates total
  psi_star=1.5 (T_w trigger threshold)

Target: |E - -8.4579| / 8.4579 < 10%
Abort:  > 15%
Expected wall: 4.5-5.5h (run benchmark_per_step.py first to confirm)
Progress prints every 100 steps
Hard checkpoints every 500 steps to results/baseline_v2_checkpoint.json
======================================================================

[step    0] cost_min=11.5636 cost_mean=11.8440 sigma_E_max=0.0324 swap_acc=1.000 psi_max=0.000 subspace=off
[step  100] cost_min=-1.2511 cost_mean=1.1940 sigma_E_max=0.0956 swap_acc=0.636 psi_max=0.000 subspace=off
[step  200] cost_min=-2.4436 cost_mean=-0.9627 sigma_E_max=0.1812 swap_acc=0.818 psi_max=1.018 subspace=off
[step  300] cost_min=-2.8990 cost_mean=-1.5666 sigma_E_max=0.1521 swap_acc=0.818 psi_max=1.018 subspace=off
[step  400] cost_min=-3.1602 cost_mean=-1.6917 sigma_E_max=0.1575 swap_acc=0.636 psi_max=1.018 subspace=off
[step  500] cost_min=-3.1602 cost_mean=-1.7004 sigma_E_max=0.0412 swap_acc=0.727 psi_max=1.018 subspace=off
[checkpoint_step500] saved tensors to results/sweep_v_c_day6_seed42_checkpoint_step500_state.pt
[checkpoint_step500] saved metadata to results/sweep_v_c_day6_seed42_checkpoint_step500_metadata.json
[checkpoint] step 500 saved
[step  600] cost_min=-2.9378 cost_mean=-1.7492 sigma_E_max=0.1645 swap_acc=0.636 psi_max=1.018 subspace=off
[step  700] cost_min=-2.8654 cost_mean=-1.7886 sigma_E_max=0.0619 swap_acc=0.636 psi_max=1.033 subspace=off
[step  800] cost_min=-5.5522 cost_mean=-2.0897 sigma_E_max=1.4981 swap_acc=0.818 psi_max=1.048 subspace=off
  [SANITY GATE] step 900: cost_min=-14.6260 < -9.4579; not updating best (numerical artifact suspected)
[step  900] cost_min=-14.6260 cost_mean=-2.9196 sigma_E_max=5.1391 swap_acc=0.727 psi_max=1.048 subspace=off
[step 1000] cost_min=-3.5079 cost_mean=-2.2261 sigma_E_max=0.2241 swap_acc=0.727 psi_max=1.048 subspace=off
[checkpoint_step1000] saved tensors to results/sweep_v_c_day6_seed42_checkpoint_step1000_state.pt
[checkpoint_step1000] saved metadata to results/sweep_v_c_day6_seed42_checkpoint_step1000_metadata.json
[checkpoint] step 1000 saved
[step 1100] cost_min=-3.3756 cost_mean=-2.2917 sigma_E_max=1.2579 swap_acc=0.818 psi_max=1.048 subspace=off
[step 1200] cost_min=-3.5395 cost_mean=-2.0158 sigma_E_max=0.1580 swap_acc=0.636 psi_max=1.053 subspace=off
[step 1300] cost_min=-4.2024 cost_mean=-2.4224 sigma_E_max=1.5793 swap_acc=0.727 psi_max=1.053 subspace=off
[step 1400] cost_min=-3.5956 cost_mean=-2.3736 sigma_E_max=0.0970 swap_acc=0.818 psi_max=1.053 subspace=off
[step 1500] cost_min=-3.5956 cost_mean=-2.4476 sigma_E_max=0.6330 swap_acc=0.545 psi_max=1.053 subspace=off
[checkpoint_step1500] saved tensors to results/sweep_v_c_day6_seed42_checkpoint_step1500_state.pt
[checkpoint_step1500] saved metadata to results/sweep_v_c_day6_seed42_checkpoint_step1500_metadata.json
[checkpoint] step 1500 saved
[step 1600] cost_min=-6.8002 cost_mean=-2.8582 sigma_E_max=1.1775 swap_acc=0.818 psi_max=1.053 subspace=off
  [SANITY GATE] step 1700: cost_min=-28.9010 < -9.4579; not updating best (numerical artifact suspected)
[step 1700] cost_min=-28.9010 cost_mean=-5.2753 sigma_E_max=1.4765 swap_acc=0.727 psi_max=1.053 subspace=off
  [SANITY GATE] step 1800: cost_min=-45.6435 < -9.4579; not updating best (numerical artifact suspected)
[step 1800] cost_min=-45.6435 cost_mean=-6.7342 sigma_E_max=2.7111 swap_acc=0.545 psi_max=1.053 subspace=off
  [SANITY GATE] step 1900: cost_min=-45.6435 < -9.4579; not updating best (numerical artifact suspected)
[step 1900] cost_min=-45.6435 cost_mean=-6.1636 sigma_E_max=2.7111 swap_acc=0.727 psi_max=1.053 subspace=off
  [SANITY GATE] step 2000: cost_min=-45.6435 < -9.4579; not updating best (numerical artifact suspected)
[step 2000] cost_min=-45.6435 cost_mean=-6.8703 sigma_E_max=2.7111 swap_acc=0.636 psi_max=1.053 subspace=off
[checkpoint_step2000] saved tensors to results/sweep_v_c_day6_seed42_checkpoint_step2000_state.pt
[checkpoint_step2000] saved metadata to results/sweep_v_c_day6_seed42_checkpoint_step2000_metadata.json
[checkpoint] step 2000 saved
  [SANITY GATE] step 2100: cost_min=-60.5270 < -9.4579; not updating best (numerical artifact suspected)
[step 2100] cost_min=-60.5270 cost_mean=-10.7935 sigma_E_max=2.7111 swap_acc=0.727 psi_max=1.053 subspace=off
  [SANITY GATE] step 2200: cost_min=-108.9565 < -9.4579; not updating best (numerical artifact suspected)
[step 2200] cost_min=-108.9565 cost_mean=-14.8781 sigma_E_max=4.3369 swap_acc=0.727 psi_max=1.053 subspace=off
  [SANITY GATE] step 2300: cost_min=-108.9565 < -9.4579; not updating best (numerical artifact suspected)
[step 2300] cost_min=-108.9565 cost_mean=-14.8970 sigma_E_max=4.3369 swap_acc=0.909 psi_max=1.053 subspace=off
  [SANITY GATE] step 2400: cost_min=-310.3594 < -9.4579; not updating best (numerical artifact suspected)
[step 2400] cost_min=-310.3594 cost_mean=-34.5384 sigma_E_max=16.1510 swap_acc=0.909 psi_max=1.113 subspace=off
  [SANITY GATE] step 2500: cost_min=-310.3594 < -9.4579; not updating best (numerical artifact suspected)
[step 2500] cost_min=-310.3594 cost_mean=-37.3185 sigma_E_max=16.1510 swap_acc=0.909 psi_max=1.113 subspace=off
[checkpoint_step2500] saved tensors to results/sweep_v_c_day6_seed42_checkpoint_step2500_state.pt
[checkpoint_step2500] saved metadata to results/sweep_v_c_day6_seed42_checkpoint_step2500_metadata.json
[checkpoint] step 2500 saved
  [SANITY GATE] step 2600: cost_min=-310.3594 < -9.4579; not updating best (numerical artifact suspected)
[step 2600] cost_min=-310.3594 cost_mean=-54.1703 sigma_E_max=16.1510 swap_acc=0.909 psi_max=1.113 subspace=off
  [SANITY GATE] step 2700: cost_min=-310.3594 < -9.4579; not updating best (numerical artifact suspected)
[step 2700] cost_min=-310.3594 cost_mean=-52.5621 sigma_E_max=16.1510 swap_acc=0.909 psi_max=1.113 subspace=off
  [SANITY GATE] step 2800: cost_min=-2657520703846219776.0000 < -9.4579; not updating best (numerical artifact suspected)
[step 2800] cost_min=-2657520703846219776.0000 cost_mean=-221460058653851648.0000 sigma_E_max=inf swap_acc=0.818 psi_max=1.113 subspace=off
/home/dglg/miao_workplace/tcbm_nqs/core/tcbm_optimizer_NQS.py:448: UserWarning: torch.linalg.svd: During SVD computation with the selected cusolver driver, batches 0 failed to converge. A more accurate method will be used to compute the SVD as a fallback. Check doc at https://pytorch.org/docs/stable/generated/torch.linalg.svd.html (Triggered internally at ../aten/src/ATen/native/cuda/linalg/BatchLinearAlgebraLib.cpp:697.)
  _, S, Vh = torch.linalg.svd(G_c, full_matrices=False)
  [SANITY GATE] step 2900: cost_min=-2657520703846219776.0000 < -9.4579; not updating best (numerical artifact suspected)
[step 2900] cost_min=-2657520703846219776.0000 cost_mean=-221460058653851648.0000 sigma_E_max=inf swap_acc=0.727 psi_max=1.113 subspace=off

======================================================================
Run completed in 56484.9s (941.4 min = 15.69h)
======================================================================
best_cost_raw       = -2657520703846219776.0000
best_cost_debiased  = 1.5000
E_0 (ED truth)      = -8.4579
Relative error (raw)      = 31420573710332583936.00%
Relative error (debiased) = 117.73%

[FAIL] P0-1.2 Verdict: TRIGGER R-ABORT-1

Diagnostics:
  swap_acceptance overall = 0.774 (target [0.15, 0.35])
  swap_acceptance early/mid/late = 0.754 / 0.749 / 0.818
  swap_acceptance std = 0.118
  total swap events = 1709
  final sigma_E mean = inf
  final sigma_E max  = inf
  T_w triggered: never (psi never reached psi_star=1.5)
  psi_history len = 36
  psi_max cumulative = 1.1134
  NQS-1e debiasing: WARN debiased >= raw, suspect bug

Final saved: results/sweep_v_c_day6_seed42.json
[atexit] saved tensors to results/sweep_v_c_day6_seed42_atexit_state.pt
[atexit] saved metadata to results/sweep_v_c_day6_seed42_atexit_metadata.json
